Archive member included to satisfy reference by file (symbol)

/home/sooraj/work/ese3025_2/git_stuff/ese3025_2/lpc_board_nxp_lpcxpresso_1769/Debug/liblpc_board_nxp_lpcxpresso_1769.a(board.o)
                              ./src/helloproj.o (Board_LED_Set)
/home/sooraj/work/ese3025_2/git_stuff/ese3025_2/lpc_board_nxp_lpcxpresso_1769/Debug/liblpc_board_nxp_lpcxpresso_1769.a(board_sysinit.o)
                              ./src/sysinit.o (Board_SystemInit)
/home/sooraj/work/ese3025_2/git_stuff/ese3025_2/lpc_chip_175x_6x/Debug/liblpc_chip_175x_6x.a(chip_17xx_40xx.o)
                              ./src/helloproj.o (SystemCoreClockUpdate)
/home/sooraj/work/ese3025_2/git_stuff/ese3025_2/lpc_chip_175x_6x/Debug/liblpc_chip_175x_6x.a(clock_17xx_40xx.o)
                              /home/sooraj/work/ese3025_2/git_stuff/ese3025_2/lpc_chip_175x_6x/Debug/liblpc_chip_175x_6x.a(chip_17xx_40xx.o) (Chip_Clock_EnablePLL)
/home/sooraj/work/ese3025_2/git_stuff/ese3025_2/lpc_chip_175x_6x/Debug/liblpc_chip_175x_6x.a(i2s_17xx_40xx.o)
                              /home/sooraj/work/ese3025_2/git_stuff/ese3025_2/lpc_board_nxp_lpcxpresso_1769/Debug/liblpc_board_nxp_lpcxpresso_1769.a(board.o) (Chip_I2S_Init)
/home/sooraj/work/ese3025_2/git_stuff/ese3025_2/lpc_chip_175x_6x/Debug/liblpc_chip_175x_6x.a(iocon_17xx_40xx.o)
                              /home/sooraj/work/ese3025_2/git_stuff/ese3025_2/lpc_board_nxp_lpcxpresso_1769/Debug/liblpc_board_nxp_lpcxpresso_1769.a(board.o) (Chip_IOCON_PinMux)
/home/sooraj/work/ese3025_2/git_stuff/ese3025_2/lpc_chip_175x_6x/Debug/liblpc_chip_175x_6x.a(sysinit_17xx_40xx.o)
                              /home/sooraj/work/ese3025_2/git_stuff/ese3025_2/lpc_board_nxp_lpcxpresso_1769/Debug/liblpc_board_nxp_lpcxpresso_1769.a(board_sysinit.o) (Chip_SetupXtalClocking)
/home/sooraj/work/ese3025_2/git_stuff/ese3025_2/lpc_chip_175x_6x/Debug/liblpc_chip_175x_6x.a(uart_17xx_40xx.o)
                              /home/sooraj/work/ese3025_2/git_stuff/ese3025_2/lpc_board_nxp_lpcxpresso_1769/Debug/liblpc_board_nxp_lpcxpresso_1769.a(board.o) (Chip_UART_Init)
/home/sooraj/work/ese3025_2/git_stuff/ese3025_2/lpc_chip_175x_6x/Debug/liblpc_chip_175x_6x.a(ring_buffer.o)
                              /home/sooraj/work/ese3025_2/git_stuff/ese3025_2/lpc_chip_175x_6x/Debug/liblpc_chip_175x_6x.a(uart_17xx_40xx.o) (RingBuffer_Insert)
/usr/local/mcuxpressoide-10.3.0_2200/ide/plugins/com.nxp.mcuxpresso.tools.linux_10.3.0.201811011841/tools/bin/../lib/gcc/arm-none-eabi/7.3.1/../../../../arm-none-eabi/lib/thumb/v7-m/libcr_c.a(memcpy.o)
                              /home/sooraj/work/ese3025_2/git_stuff/ese3025_2/lpc_board_nxp_lpcxpresso_1769/Debug/liblpc_board_nxp_lpcxpresso_1769.a(board.o) (memcpy)
/usr/local/mcuxpressoide-10.3.0_2200/ide/plugins/com.nxp.mcuxpresso.tools.linux_10.3.0.201811011841/tools/bin/../lib/gcc/arm-none-eabi/7.3.1/../../../../arm-none-eabi/lib/thumb/v7-m/libcr_c.a(__weak__main.o)
                              ./src/cr_startup_lpc175x_6x.o (__main)
/usr/local/mcuxpressoide-10.3.0_2200/ide/plugins/com.nxp.mcuxpresso.tools.linux_10.3.0.201811011841/tools/bin/../lib/gcc/arm-none-eabi/7.3.1/thumb/v7-m/libcr_eabihelpers.a(division_64.o)
                              /home/sooraj/work/ese3025_2/git_stuff/ese3025_2/lpc_chip_175x_6x/Debug/liblpc_chip_175x_6x.a(i2s_17xx_40xx.o) (__aeabi_uldivmod)
/usr/local/mcuxpressoide-10.3.0_2200/ide/plugins/com.nxp.mcuxpresso.tools.linux_10.3.0.201811011841/tools/bin/../lib/gcc/arm-none-eabi/7.3.1/thumb/v7-m/libcr_eabihelpers.a(division_idiv0.o)
                              /usr/local/mcuxpressoide-10.3.0_2200/ide/plugins/com.nxp.mcuxpresso.tools.linux_10.3.0.201811011841/tools/bin/../lib/gcc/arm-none-eabi/7.3.1/thumb/v7-m/libcr_eabihelpers.a(division_64.o) (__aeabi_idiv0)
/usr/local/mcuxpressoide-10.3.0_2200/ide/plugins/com.nxp.mcuxpresso.tools.linux_10.3.0.201811011841/tools/bin/../lib/gcc/arm-none-eabi/7.3.1/thumb/v7-m/libcr_eabihelpers.a(double.o)
                              ./src/helloproj.o (__aeabi_i2d)
/usr/local/mcuxpressoide-10.3.0_2200/ide/plugins/com.nxp.mcuxpresso.tools.linux_10.3.0.201811011841/tools/bin/../lib/gcc/arm-none-eabi/7.3.1/thumb/v7-m/libcr_eabihelpers.a(memcpy.o)
                              /usr/local/mcuxpressoide-10.3.0_2200/ide/plugins/com.nxp.mcuxpresso.tools.linux_10.3.0.201811011841/tools/bin/../lib/gcc/arm-none-eabi/7.3.1/../../../../arm-none-eabi/lib/thumb/v7-m/libcr_c.a(memcpy.o) (__aeabi_memcpy)

Allocating common symbols
Common symbol       size              file

SystemCoreClock     0x4               /home/sooraj/work/ese3025_2/git_stuff/ese3025_2/lpc_chip_175x_6x/Debug/liblpc_chip_175x_6x.a(chip_17xx_40xx.o)

Discarded input sections

 .group         0x0000000000000000        0xc ./src/cr_startup_lpc175x_6x.o
 .text          0x0000000000000000        0x0 ./src/cr_startup_lpc175x_6x.o
 .data          0x0000000000000000        0x0 ./src/cr_startup_lpc175x_6x.o
 .bss           0x0000000000000000        0x0 ./src/cr_startup_lpc175x_6x.o
[...]
Memory Configuration

Name             Origin             Length             Attributes
MFlash512        0x0000000000000000 0x0000000000080000 xr
RamLoc32         0x0000000010000000 0x0000000000008000 xrw
RamAHB32         0x000000002007c000 0x0000000000008000 xrw
*default*        0x0000000000000000 0xffffffffffffffff

Linker script and memory map

LOAD ./src/cr_startup_lpc175x_6x.o
LOAD ./src/crp.o
LOAD ./src/helloproj.o
LOAD ./src/sysinit.o
LOAD /home/sooraj/work/ese3025_2/git_stuff/ese3025_2/lpc_board_nxp_lpcxpresso_1769/Debug/liblpc_board_nxp_lpcxpresso_1769.a
LOAD /home/sooraj/work/ese3025_2/git_stuff/ese3025_2/lpc_chip_175x_6x/Debug/liblpc_chip_175x_6x.a
START GROUP
LOAD /usr/local/mcuxpressoide-10.3.0_2200/ide/plugins/com.nxp.mcuxpresso.tools.linux_10.3.0.201811011841/tools/bin/../lib/gcc/arm-none-eabi/7.3.1/../../../../arm-none-eabi/lib/thumb/v7-m/libcr_c.a
LOAD /usr/local/mcuxpressoide-10.3.0_2200/ide/plugins/com.nxp.mcuxpresso.tools.linux_10.3.0.201811011841/tools/bin/../lib/gcc/arm-none-eabi/7.3.1/thumb/v7-m/libcr_eabihelpers.a
END GROUP
                0x0000000000000000                __base_MFlash512 = 0x0
                0x0000000000000000                __base_Flash = 0x0
                0x0000000000080000                __top_MFlash512 = 0x80000
                0x0000000000080000                __top_Flash = 0x80000
                0x0000000010000000                __base_RamLoc32 = 0x10000000
                0x0000000010000000                __base_RAM = 0x10000000
                0x0000000010008000                __top_RamLoc32 = 0x10008000
                0x0000000010008000                __top_RAM = 0x10008000
                0x000000002007c000                __base_RamAHB32 = 0x2007c000
                0x000000002007c000                __base_RAM2 = 0x2007c000
                0x0000000020084000                __top_RamAHB32 = 0x20084000
                0x0000000020084000                __top_RAM2 = 0x20084000

.text           0x0000000000000000     0x1180
 FILL mask 0xff
                0x0000000000000000                __vectors_start__ = ABSOLUTE (.)
 *(.isr_vector)
 .isr_vector    0x0000000000000000       0xcc ./src/cr_startup_lpc175x_6x.o
                0x0000000000000000                g_pfnVectors
                0x00000000000000cc                . = ALIGN (0x4)
                0x00000000000000cc                __section_table_start = .
                0x00000000000000cc                __data_section_table = .
                0x00000000000000cc        0x4 LONG 0x1180 LOADADDR (.data)
                0x00000000000000d0        0x4 LONG 0x10000000 ADDR (.data)
                0x00000000000000d4        0x4 LONG 0x0 SIZEOF (.data)
                0x00000000000000d8        0x4 LONG 0x1180 LOADADDR (.data_RAM2)
                0x00000000000000dc        0x4 LONG 0x2007c000 ADDR (.data_RAM2)
                0x00000000000000e0        0x4 LONG 0x0 SIZEOF (.data_RAM2)
                0x00000000000000e4                __data_section_table_end = .
                0x00000000000000e4                __bss_section_table = .
                0x00000000000000e4        0x4 LONG 0x10000000 ADDR (.bss)
                0x00000000000000e8        0x4 LONG 0xc SIZEOF (.bss)
                0x00000000000000ec        0x4 LONG 0x2007c000 ADDR (.bss_RAM2)
                0x00000000000000f0        0x4 LONG 0x0 SIZEOF (.bss_RAM2)
                0x00000000000000f4                __bss_section_table_end = .
                0x00000000000000f4                __section_table_end = .
 *(.after_vectors*)
 .after_vectors
                0x00000000000000f4      0x12c ./src/cr_startup_lpc175x_6x.o
                0x00000000000000f4                data_init
                0x0000000000000136                bss_init
                0x000000000000016c                ResetISR
                0x00000000000001e4                NMI_Handler
                0x00000000000001ea                HardFault_Handler
                0x00000000000001f0                MemManage_Handler
                0x00000000000001f6                BusFault_Handler
                0x00000000000001fc                UsageFault_Handler
                0x0000000000000202                SVC_Handler
                0x0000000000000208                DebugMon_Handler
                0x000000000000020e                PendSV_Handler
                0x0000000000000214                SysTick_Handler
                0x000000000000021a                TIMER2_IRQHandler
                0x000000000000021a                RIT_IRQHandler
                0x000000000000021a                I2C0_IRQHandler
                0x000000000000021a                USBActivity_IRQHandler
                0x000000000000021a                PWM1_IRQHandler
                0x000000000000021a                I2C1_IRQHandler
                0x000000000000021a                EINT2_IRQHandler
                0x000000000000021a                UART1_IRQHandler
                0x000000000000021a                EINT3_IRQHandler
                0x000000000000021a                CANActivity_IRQHandler
                0x000000000000021a                TIMER3_IRQHandler
                0x000000000000021a                UART0_IRQHandler
                0x000000000000021a                IntDefaultHandler
                0x000000000000021a                PLL0_IRQHandler
                0x000000000000021a                CAN_IRQHandler
                0x000000000000021a                PLL1_IRQHandler
                0x000000000000021a                SSP0_IRQHandler
                0x000000000000021a                I2S_IRQHandler
                0x000000000000021a                I2C2_IRQHandler
                0x000000000000021a                RTC_IRQHandler
                0x000000000000021a                TIMER0_IRQHandler
                0x000000000000021a                SPI_IRQHandler
                0x000000000000021a                EINT1_IRQHandler
                0x000000000000021a                TIMER1_IRQHandler
                0x000000000000021a                UART2_IRQHandler
                0x000000000000021a                ADC_IRQHandler
                0x000000000000021a                SSP1_IRQHandler
                0x000000000000021a                USB_IRQHandler
                0x000000000000021a                BOD_IRQHandler
                0x000000000000021a                WDT_IRQHandler
                0x000000000000021a                QEI_IRQHandler
                0x000000000000021a                EINT0_IRQHandler
                0x000000000000021a                ETH_IRQHandler
                0x000000000000021a                DMA_IRQHandler
                0x000000000000021a                UART3_IRQHandler
                0x000000000000021a                MCPWM_IRQHandler
                0x00000000000002fc                . = 0x2fc
 *fill*         0x0000000000000220       0xdc ff
                0x00000000000002fc                PROVIDE (__CRP_WORD_START__ = .)
 *(.crp)
 .crp           0x00000000000002fc        0x4 ./src/crp.o
                0x00000000000002fc                CRP_WORD
                0x0000000000000300                PROVIDE (__CRP_WORD_END__ = .)
                0x0000000000000001                ASSERT (! ((__CRP_WORD_START__ == __CRP_WORD_END__)), Linker CRP Enabled, but no CRP_WORD provided within application)
 *(.text*)
 .text.main     0x0000000000000300      0x150 ./src/helloproj.o
                0x0000000000000300                main
 .text.SystemInit
                0x0000000000000450       0x24 ./src/sysinit.o
                0x0000000000000450                SystemInit
 .text.Chip_IOCON_Init
                0x0000000000000474       0x16 /home/sooraj/work/ese3025_2/git_stuff/ese3025_2/lpc_board_nxp_lpcxpresso_1769/Debug/liblpc_board_nxp_lpcxpresso_1769.a(board.o)
 .text.Chip_GPIO_Init
                0x000000000000048a       0x16 /home/sooraj/work/ese3025_2/git_stuff/ese3025_2/lpc_board_nxp_lpcxpresso_1769/Debug/liblpc_board_nxp_lpcxpresso_1769.a(board.o)
 .text.Chip_GPIO_SetPinState
                0x00000000000004a0       0x64 /home/sooraj/work/ese3025_2/git_stuff/ese3025_2/lpc_board_nxp_lpcxpresso_1769/Debug/liblpc_board_nxp_lpcxpresso_1769.a(board.o)
 .text.Chip_GPIO_WritePortBit
                0x0000000000000504       0x2c /home/sooraj/work/ese3025_2/git_stuff/ese3025_2/lpc_board_nxp_lpcxpresso_1769/Debug/liblpc_board_nxp_lpcxpresso_1769.a(board.o)
 .text.Chip_GPIO_SetPinDIROutput
                0x0000000000000530       0x36 /home/sooraj/work/ese3025_2/git_stuff/ese3025_2/lpc_board_nxp_lpcxpresso_1769/Debug/liblpc_board_nxp_lpcxpresso_1769.a(board.o)
 .text.Chip_GPIO_SetPinDIRInput
                0x0000000000000566       0x3a /home/sooraj/work/ese3025_2/git_stuff/ese3025_2/lpc_board_nxp_lpcxpresso_1769/Debug/liblpc_board_nxp_lpcxpresso_1769.a(board.o)
 .text.Chip_GPIO_SetPinDIR
                0x00000000000005a0       0x42 /home/sooraj/work/ese3025_2/git_stuff/ese3025_2/lpc_board_nxp_lpcxpresso_1769/Debug/liblpc_board_nxp_lpcxpresso_1769.a(board.o)
 .text.Chip_GPIO_WriteDirBit
                0x00000000000005e2       0x2e /home/sooraj/work/ese3025_2/git_stuff/ese3025_2/lpc_board_nxp_lpcxpresso_1769/Debug/liblpc_board_nxp_lpcxpresso_1769.a(board.o)
 .text.Chip_UART_ConfigData
                0x0000000000000610       0x1a /home/sooraj/work/ese3025_2/git_stuff/ese3025_2/lpc_board_nxp_lpcxpresso_1769/Debug/liblpc_board_nxp_lpcxpresso_1769.a(board.o)
 *fill*         0x000000000000062a        0x2 ff
 .text.Board_LED_Init
                0x000000000000062c       0x3c /home/sooraj/work/ese3025_2/git_stuff/ese3025_2/lpc_board_nxp_lpcxpresso_1769/Debug/liblpc_board_nxp_lpcxpresso_1769.a(board.o)
 .text.Board_UART_Init
                0x0000000000000668       0x12 /home/sooraj/work/ese3025_2/git_stuff/ese3025_2/lpc_board_nxp_lpcxpresso_1769/Debug/liblpc_board_nxp_lpcxpresso_1769.a(board.o)
                0x0000000000000668                Board_UART_Init
 *fill*         0x000000000000067a        0x2 ff
 .text.Board_Debug_Init
                0x000000000000067c       0x30 /home/sooraj/work/ese3025_2/git_stuff/ese3025_2/lpc_board_nxp_lpcxpresso_1769/Debug/liblpc_board_nxp_lpcxpresso_1769.a(board.o)
                0x000000000000067c                Board_Debug_Init
 .text.Board_LED_Set
                0x00000000000006ac       0x64 /home/sooraj/work/ese3025_2/git_stuff/ese3025_2/lpc_board_nxp_lpcxpresso_1769/Debug/liblpc_board_nxp_lpcxpresso_1769.a(board.o)
                0x00000000000006ac                Board_LED_Set
 .text.Board_Init
                0x0000000000000710       0x24 /home/sooraj/work/ese3025_2/git_stuff/ese3025_2/lpc_board_nxp_lpcxpresso_1769/Debug/liblpc_board_nxp_lpcxpresso_1769.a(board.o)
                0x0000000000000710                Board_Init
 .text.Chip_SYSCTL_SetFLASHAccess
                0x0000000000000734       0x30 /home/sooraj/work/ese3025_2/git_stuff/ese3025_2/lpc_board_nxp_lpcxpresso_1769/Debug/liblpc_board_nxp_lpcxpresso_1769.a(board_sysinit.o)
 .text.Board_SetupMuxing
                0x0000000000000764       0x1c /home/sooraj/work/ese3025_2/git_stuff/ese3025_2/lpc_board_nxp_lpcxpresso_1769/Debug/liblpc_board_nxp_lpcxpresso_1769.a(board_sysinit.o)
                0x0000000000000764                Board_SetupMuxing
 .text.Board_SetupClocking
                0x0000000000000780       0x12 /home/sooraj/work/ese3025_2/git_stuff/ese3025_2/lpc_board_nxp_lpcxpresso_1769/Debug/liblpc_board_nxp_lpcxpresso_1769.a(board_sysinit.o)
                0x0000000000000780                Board_SetupClocking
 .text.Board_SystemInit
                0x0000000000000792       0x10 /home/sooraj/work/ese3025_2/git_stuff/ese3025_2/lpc_board_nxp_lpcxpresso_1769/Debug/liblpc_board_nxp_lpcxpresso_1769.a(board_sysinit.o)
                0x0000000000000792                Board_SystemInit
 *fill*         0x00000000000007a2        0x2 ff
 .text.SystemCoreClockUpdate
                0x00000000000007a4       0x18 /home/sooraj/work/ese3025_2/git_stuff/ese3025_2/lpc_chip_175x_6x/Debug/liblpc_chip_175x_6x.a(chip_17xx_40xx.o)
                0x00000000000007a4                SystemCoreClockUpdate
 .text.Chip_Clock_IsMainPLLEnabled
                0x00000000000007bc       0x24 /home/sooraj/work/ese3025_2/git_stuff/ese3025_2/lpc_chip_175x_6x/Debug/liblpc_chip_175x_6x.a(clock_17xx_40xx.o)
 .text.Chip_Clock_IsMainPLLConnected
                0x00000000000007e0       0x24 /home/sooraj/work/ese3025_2/git_stuff/ese3025_2/lpc_chip_175x_6x/Debug/liblpc_chip_175x_6x.a(clock_17xx_40xx.o)
 .text.Chip_Clock_FeedPLL
                0x0000000000000804       0x34 /home/sooraj/work/ese3025_2/git_stuff/ese3025_2/lpc_chip_175x_6x/Debug/liblpc_chip_175x_6x.a(clock_17xx_40xx.o)
 .text.Chip_Clock_GetMainPLLSource
                0x0000000000000838       0x20 /home/sooraj/work/ese3025_2/git_stuff/ese3025_2/lpc_chip_175x_6x/Debug/liblpc_chip_175x_6x.a(clock_17xx_40xx.o)
 .text.Chip_Clock_GetMainOscRate
                0x0000000000000858       0x14 /home/sooraj/work/ese3025_2/git_stuff/ese3025_2/lpc_chip_175x_6x/Debug/liblpc_chip_175x_6x.a(clock_17xx_40xx.o)
 .text.Chip_Clock_GetIntOscRate
                0x000000000000086c       0x14 /home/sooraj/work/ese3025_2/git_stuff/ese3025_2/lpc_chip_175x_6x/Debug/liblpc_chip_175x_6x.a(clock_17xx_40xx.o)
 .text.Chip_Clock_GetRTCOscRate
                0x0000000000000880       0x14 /home/sooraj/work/ese3025_2/git_stuff/ese3025_2/lpc_chip_175x_6x/Debug/liblpc_chip_175x_6x.a(clock_17xx_40xx.o)
 .text.Chip_Clock_GetMainPLLInClockRate
                0x0000000000000894        0xe /home/sooraj/work/ese3025_2/git_stuff/ese3025_2/lpc_chip_175x_6x/Debug/liblpc_chip_175x_6x.a(clock_17xx_40xx.o)
 *fill*         0x00000000000008a2        0x2 ff
 .text.Chip_Clock_EnablePLL
                0x00000000000008a4       0x44 /home/sooraj/work/ese3025_2/git_stuff/ese3025_2/lpc_chip_175x_6x/Debug/liblpc_chip_175x_6x.a(clock_17xx_40xx.o)
                0x00000000000008a4                Chip_Clock_EnablePLL
 .text.Chip_Clock_DisablePLL
                0x00000000000008e8       0x48 /home/sooraj/work/ese3025_2/git_stuff/ese3025_2/lpc_chip_175x_6x/Debug/liblpc_chip_175x_6x.a(clock_17xx_40xx.o)
                0x00000000000008e8                Chip_Clock_DisablePLL
 .text.Chip_Clock_SetupPLL
                0x0000000000000930       0x5c /home/sooraj/work/ese3025_2/git_stuff/ese3025_2/lpc_chip_175x_6x/Debug/liblpc_chip_175x_6x.a(clock_17xx_40xx.o)
                0x0000000000000930                Chip_Clock_SetupPLL
 .text.Chip_Clock_EnablePeriphClock
                0x000000000000098c       0x34 /home/sooraj/work/ese3025_2/git_stuff/ese3025_2/lpc_chip_175x_6x/Debug/liblpc_chip_175x_6x.a(clock_17xx_40xx.o)
                0x000000000000098c                Chip_Clock_EnablePeriphClock
 .text.Chip_Clock_GetCPUClockSource
                0x00000000000009c0       0x24 /home/sooraj/work/ese3025_2/git_stuff/ese3025_2/lpc_chip_175x_6x/Debug/liblpc_chip_175x_6x.a(clock_17xx_40xx.o)
                0x00000000000009c0                Chip_Clock_GetCPUClockSource
 .text.Chip_Clock_SetCPUClockDiv
                0x00000000000009e4       0x20 /home/sooraj/work/ese3025_2/git_stuff/ese3025_2/lpc_chip_175x_6x/Debug/liblpc_chip_175x_6x.a(clock_17xx_40xx.o)
                0x00000000000009e4                Chip_Clock_SetCPUClockDiv
 .text.Chip_Clock_GetCPUClockDiv
                0x0000000000000a04       0x1c /home/sooraj/work/ese3025_2/git_stuff/ese3025_2/lpc_chip_175x_6x/Debug/liblpc_chip_175x_6x.a(clock_17xx_40xx.o)
                0x0000000000000a04                Chip_Clock_GetCPUClockDiv
 .text.Chip_Clock_GetPCLKDiv
                0x0000000000000a20       0x8c /home/sooraj/work/ese3025_2/git_stuff/ese3025_2/lpc_chip_175x_6x/Debug/liblpc_chip_175x_6x.a(clock_17xx_40xx.o)
                0x0000000000000a20                Chip_Clock_GetPCLKDiv
 .text.Chip_Clock_GetSYSCLKRate
                0x0000000000000aac       0x34 /home/sooraj/work/ese3025_2/git_stuff/ese3025_2/lpc_chip_175x_6x/Debug/liblpc_chip_175x_6x.a(clock_17xx_40xx.o)
                0x0000000000000aac                Chip_Clock_GetSYSCLKRate
 .text.Chip_Clock_GetMainPLLOutClockRate
                0x0000000000000ae0       0x54 /home/sooraj/work/ese3025_2/git_stuff/ese3025_2/lpc_chip_175x_6x/Debug/liblpc_chip_175x_6x.a(clock_17xx_40xx.o)
                0x0000000000000ae0                Chip_Clock_GetMainPLLOutClockRate
 .text.Chip_Clock_GetMainClockRate
                0x0000000000000b34       0x28 /home/sooraj/work/ese3025_2/git_stuff/ese3025_2/lpc_chip_175x_6x/Debug/liblpc_chip_175x_6x.a(clock_17xx_40xx.o)
                0x0000000000000b34                Chip_Clock_GetMainClockRate
 .text.Chip_Clock_GetSystemClockRate
                0x0000000000000b5c       0x18 /home/sooraj/work/ese3025_2/git_stuff/ese3025_2/lpc_chip_175x_6x/Debug/liblpc_chip_175x_6x.a(clock_17xx_40xx.o)
                0x0000000000000b5c                Chip_Clock_GetSystemClockRate
 .text.Chip_Clock_GetPeripheralClockRate
                0x0000000000000b74       0x26 /home/sooraj/work/ese3025_2/git_stuff/ese3025_2/lpc_chip_175x_6x/Debug/liblpc_chip_175x_6x.a(clock_17xx_40xx.o)
                0x0000000000000b74                Chip_Clock_GetPeripheralClockRate
 .text.Chip_IOCON_PinMuxSet
                0x0000000000000b9a       0x36 /home/sooraj/work/ese3025_2/git_stuff/ese3025_2/lpc_chip_175x_6x/Debug/liblpc_chip_175x_6x.a(iocon_17xx_40xx.o)
                0x0000000000000b9a                Chip_IOCON_PinMuxSet
 .text.Chip_IOCON_PinMux
                0x0000000000000bd0       0x94 /home/sooraj/work/ese3025_2/git_stuff/ese3025_2/lpc_chip_175x_6x/Debug/liblpc_chip_175x_6x.a(iocon_17xx_40xx.o)
                0x0000000000000bd0                Chip_IOCON_PinMux
 .text.Chip_IOCON_SetPinMuxing
                0x0000000000000c64       0x62 /home/sooraj/work/ese3025_2/git_stuff/ese3025_2/lpc_chip_175x_6x/Debug/liblpc_chip_175x_6x.a(iocon_17xx_40xx.o)
                0x0000000000000c64                Chip_IOCON_SetPinMuxing
 *fill*         0x0000000000000cc6        0x2 ff
 .text.Chip_Clock_IsMainPLLEnabled
                0x0000000000000cc8       0x24 /home/sooraj/work/ese3025_2/git_stuff/ese3025_2/lpc_chip_175x_6x/Debug/liblpc_chip_175x_6x.a(sysinit_17xx_40xx.o)
 .text.Chip_Clock_IsMainPLLLocked
                0x0000000000000cec       0x24 /home/sooraj/work/ese3025_2/git_stuff/ese3025_2/lpc_chip_175x_6x/Debug/liblpc_chip_175x_6x.a(sysinit_17xx_40xx.o)
 .text.Chip_Clock_IsMainPLLConnected
                0x0000000000000d10       0x24 /home/sooraj/work/ese3025_2/git_stuff/ese3025_2/lpc_chip_175x_6x/Debug/liblpc_chip_175x_6x.a(sysinit_17xx_40xx.o)
 .text.Chip_Clock_EnableCrystal
                0x0000000000000d34       0x20 /home/sooraj/work/ese3025_2/git_stuff/ese3025_2/lpc_chip_175x_6x/Debug/liblpc_chip_175x_6x.a(sysinit_17xx_40xx.o)
 .text.Chip_Clock_IsCrystalEnabled
                0x0000000000000d54       0x24 /home/sooraj/work/ese3025_2/git_stuff/ese3025_2/lpc_chip_175x_6x/Debug/liblpc_chip_175x_6x.a(sysinit_17xx_40xx.o)
 .text.Chip_Clock_SetMainPLLSource
                0x0000000000000d78       0x20 /home/sooraj/work/ese3025_2/git_stuff/ese3025_2/lpc_chip_175x_6x/Debug/liblpc_chip_175x_6x.a(sysinit_17xx_40xx.o)
 .text.Chip_SetupXtalClocking
                0x0000000000000d98       0x90 /home/sooraj/work/ese3025_2/git_stuff/ese3025_2/lpc_chip_175x_6x/Debug/liblpc_chip_175x_6x.a(sysinit_17xx_40xx.o)
                0x0000000000000d98                Chip_SetupXtalClocking
 .text.Chip_UART_SetupFIFOS
                0x0000000000000e28       0x1a /home/sooraj/work/ese3025_2/git_stuff/ese3025_2/lpc_chip_175x_6x/Debug/liblpc_chip_175x_6x.a(uart_17xx_40xx.o)
 .text.Chip_UART_ConfigData
                0x0000000000000e42       0x1a /home/sooraj/work/ese3025_2/git_stuff/ese3025_2/lpc_chip_175x_6x/Debug/liblpc_chip_175x_6x.a(uart_17xx_40xx.o)
 .text.Chip_UART_EnableDivisorAccess
                0x0000000000000e5c       0x1e /home/sooraj/work/ese3025_2/git_stuff/ese3025_2/lpc_chip_175x_6x/Debug/liblpc_chip_175x_6x.a(uart_17xx_40xx.o)
 .text.Chip_UART_DisableDivisorAccess
                0x0000000000000e7a       0x1e /home/sooraj/work/ese3025_2/git_stuff/ese3025_2/lpc_chip_175x_6x/Debug/liblpc_chip_175x_6x.a(uart_17xx_40xx.o)
 .text.Chip_UART_SetDivisorLatches
                0x0000000000000e98       0x26 /home/sooraj/work/ese3025_2/git_stuff/ese3025_2/lpc_chip_175x_6x/Debug/liblpc_chip_175x_6x.a(uart_17xx_40xx.o)
 *fill*         0x0000000000000ebe        0x2 ff
 .text.Chip_UART_GetClockIndex
                0x0000000000000ec0       0x50 /home/sooraj/work/ese3025_2/git_stuff/ese3025_2/lpc_chip_175x_6x/Debug/liblpc_chip_175x_6x.a(uart_17xx_40xx.o)
 .text.Chip_UART_GetClkIndex
                0x0000000000000f10       0x50 /home/sooraj/work/ese3025_2/git_stuff/ese3025_2/lpc_chip_175x_6x/Debug/liblpc_chip_175x_6x.a(uart_17xx_40xx.o)
 .text.Chip_UART_Init
                0x0000000000000f60       0x78 /home/sooraj/work/ese3025_2/git_stuff/ese3025_2/lpc_chip_175x_6x/Debug/liblpc_chip_175x_6x.a(uart_17xx_40xx.o)
                0x0000000000000f60                Chip_UART_Init
 .text.Chip_UART_TXEnable
                0x0000000000000fd8       0x18 /home/sooraj/work/ese3025_2/git_stuff/ese3025_2/lpc_chip_175x_6x/Debug/liblpc_chip_175x_6x.a(uart_17xx_40xx.o)
                0x0000000000000fd8                Chip_UART_TXEnable
 .text.Chip_UART_TXDisable
                0x0000000000000ff0       0x18 /home/sooraj/work/ese3025_2/git_stuff/ese3025_2/lpc_chip_175x_6x/Debug/liblpc_chip_175x_6x.a(uart_17xx_40xx.o)
                0x0000000000000ff0                Chip_UART_TXDisable
 .text.Chip_UART_SetBaud
                0x0000000000001008       0x62 /home/sooraj/work/ese3025_2/git_stuff/ese3025_2/lpc_chip_175x_6x/Debug/liblpc_chip_175x_6x.a(uart_17xx_40xx.o)
                0x0000000000001008                Chip_UART_SetBaud
 .text.__weak_main
                0x000000000000106a        0x4 /usr/local/mcuxpressoide-10.3.0_2200/ide/plugins/com.nxp.mcuxpresso.tools.linux_10.3.0.201811011841/tools/bin/../lib/gcc/arm-none-eabi/7.3.1/../../../../arm-none-eabi/lib/thumb/v7-m/libcr_c.a(__weak__main.o)
                0x000000000000106a                __main
                0x000000000000106a                __weak_main
 .text.__bhs_ui2d
                0x000000000000106e       0x46 /usr/local/mcuxpressoide-10.3.0_2200/ide/plugins/com.nxp.mcuxpresso.tools.linux_10.3.0.201811011841/tools/bin/../lib/gcc/arm-none-eabi/7.3.1/thumb/v7-m/libcr_eabihelpers.a(double.o)
                0x000000000000106e                __bhs_ui2d
 .text.__aeabi_i2d
                0x00000000000010b4       0x12 /usr/local/mcuxpressoide-10.3.0_2200/ide/plugins/com.nxp.mcuxpresso.tools.linux_10.3.0.201811011841/tools/bin/../lib/gcc/arm-none-eabi/7.3.1/thumb/v7-m/libcr_eabihelpers.a(double.o)
                0x00000000000010b4                __aeabi_i2d
 .text.__aeabi_dcmplt
                0x00000000000010c6       0x54 /usr/local/mcuxpressoide-10.3.0_2200/ide/plugins/com.nxp.mcuxpresso.tools.linux_10.3.0.201811011841/tools/bin/../lib/gcc/arm-none-eabi/7.3.1/thumb/v7-m/libcr_eabihelpers.a(double.o)
                0x00000000000010c6                __aeabi_dcmplt
 *(.rodata .rodata.* .constdata .constdata.*)
 *fill*         0x000000000000111a        0x2 ff
 .rodata.OscRateIn
                0x000000000000111c        0x4 /home/sooraj/work/ese3025_2/git_stuff/ese3025_2/lpc_board_nxp_lpcxpresso_1769/Debug/liblpc_board_nxp_lpcxpresso_1769.a(board.o)
                0x000000000000111c                OscRateIn
 .rodata.RTCOscRateIn
                0x0000000000001120        0x4 /home/sooraj/work/ese3025_2/git_stuff/ese3025_2/lpc_board_nxp_lpcxpresso_1769/Debug/liblpc_board_nxp_lpcxpresso_1769.a(board.o)
                0x0000000000001120                RTCOscRateIn
 .rodata.pinmuxing
                0x0000000000001124       0x5c /home/sooraj/work/ese3025_2/git_stuff/ese3025_2/lpc_board_nxp_lpcxpresso_1769/Debug/liblpc_board_nxp_lpcxpresso_1769.a(board_sysinit.o)
                0x0000000000001180                . = ALIGN (0x4)

.glue_7         0x0000000000001180        0x0
 .glue_7        0x0000000000001180        0x0 linker stubs

.glue_7t        0x0000000000001180        0x0
 .glue_7t       0x0000000000001180        0x0 linker stubs

.vfp11_veneer   0x0000000000001180        0x0
 .vfp11_veneer  0x0000000000001180        0x0 linker stubs

.v4_bx          0x0000000000001180        0x0
 .v4_bx         0x0000000000001180        0x0 linker stubs

.iplt           0x0000000000001180        0x0
 .iplt          0x0000000000001180        0x0 ./src/cr_startup_lpc175x_6x.o

.rel.dyn        0x0000000000001180        0x0
 .rel.iplt      0x0000000000001180        0x0 ./src/cr_startup_lpc175x_6x.o

.ARM.extab
 *(.ARM.extab* .gnu.linkonce.armextab.*)
                0x0000000000001180                __exidx_start = .

.ARM.exidx
 *(.ARM.exidx* .gnu.linkonce.armexidx.*)
                0x0000000000001180                __exidx_end = .
                0x0000000000001180                _etext = .

.data_RAM2      0x000000002007c000        0x0 load address 0x0000000000001180
 FILL mask 0xff
                [!provide]                        PROVIDE (__start_data_RAM2 = .)
 *(.ramfunc.$RAM2)
 *(.ramfunc.$RamAHB32)
 *(.data.$RAM2*)
 *(.data.$RamAHB32*)
                0x000000002007c000                . = ALIGN (0x4)
                [!provide]                        PROVIDE (__end_data_RAM2 = .)

.uninit_RESERVED
                0x0000000010000000        0x0
 *(.bss.$RESERVED*)
                0x0000000010000000                . = ALIGN (0x4)
                0x0000000010000000                _end_uninit_RESERVED = .

.data           0x0000000010000000        0x0 load address 0x0000000000001180
 FILL mask 0xff
                0x0000000010000000                _data = .
 *(vtable)
 *(.ramfunc*)
 *(.data*)
                0x0000000010000000                . = ALIGN (0x4)
                0x0000000010000000                _edata = .

.igot.plt       0x0000000010000000        0x0 load address 0x0000000000001180
 .igot.plt      0x0000000010000000        0x0 ./src/cr_startup_lpc175x_6x.o

.bss_RAM2       0x000000002007c000        0x0
                [!provide]                        PROVIDE (__start_bss_RAM2 = .)
 *(.bss.$RAM2*)
 *(.bss.$RamAHB32*)
                0x000000002007c000                . = ALIGN ((. != 0x0)?0x4:0x1)
                [!provide]                        PROVIDE (__end_bss_RAM2 = .)

.bss            0x0000000010000000        0xc
                0x0000000010000000                _bss = .
 *(.bss*)
 .bss.j.7275    0x0000000010000000        0x4 ./src/helloproj.o
 .bss.i.7274    0x0000000010000004        0x4 ./src/helloproj.o
 *(COMMON)
 COMMON         0x0000000010000008        0x4 /home/sooraj/work/ese3025_2/git_stuff/ese3025_2/lpc_chip_175x_6x/Debug/liblpc_chip_175x_6x.a(chip_17xx_40xx.o)
                0x0000000010000008                SystemCoreClock
                0x000000001000000c                . = ALIGN (0x4)
                0x000000001000000c                _ebss = .
                [!provide]                        PROVIDE (end = .)

.noinit_RAM2    0x000000002007c000        0x0
 *(.noinit.$RAM2*)
 *(.noinit.$RamAHB32*)
                0x000000002007c000                . = ALIGN (0x4)

.noinit         0x000000001000000c        0x0
                0x000000001000000c                _noinit = .
 *(.noinit*)
                0x000000001000000c                . = ALIGN (0x4)
                0x000000001000000c                _end_noinit = .
                [!provide]                        PROVIDE (_pvHeapStart = DEFINED (__user_heap_base)?__user_heap_base:.)
                0x0000000010008000                PROVIDE (_vStackTop = DEFINED (__user_stack_top)?__user_stack_top:(__top_RamLoc32 - 0x0))
                0xffffffffefff74de                PROVIDE (__valid_user_code_checksum = (0x0 - ((((((_vStackTop + (ResetISR + 0x1)) + (NMI_Handler + 0x1)) + (HardFault_Handler + 0x1)) + (DEFINED (MemManage_Handler)?MemManage_Handler:0x0 + 0x1)) + (DEFINED (BusFault_Handler)?BusFault_Handler:0x0 + 0x1)) + (DEFINED (UsageFault_Handler)?UsageFault_Handler:0x0 + 0x1))))
                0x0000000000000000                _image_start = LOADADDR (.text)
                0x0000000000001180                _image_end = (LOADADDR (.data) + SIZEOF (.data))
                0x0000000000001180                _image_size = (_image_end - _image_start)
OUTPUT(helloproj.axf elf32-littlearm)

.debug_info     0x0000000000000000     0x4a75
 .debug_info    0x0000000000000000      0x255 ./src/cr_startup_lpc175x_6x.o
 .debug_info    0x0000000000000255       0x3f ./src/crp.o
 .debug_info    0x0000000000000294      0x238 ./src/helloproj.o
 .debug_info    0x00000000000004cc      0x232 ./src/sysinit.o
 .debug_info    0x00000000000006fe     0x1513 /home/sooraj/work/ese3025_2/git_stuff/ese3025_2/lpc_board_nxp_lpcxpresso_1769/Debug/liblpc_board_nxp_lpcxpresso_1769.a(board.o)
 .debug_info    0x0000000000001c11      0x6c3 /home/sooraj/work/ese3025_2/git_stuff/ese3025_2/lpc_board_nxp_lpcxpresso_1769/Debug/liblpc_board_nxp_lpcxpresso_1769.a(board_sysinit.o)
 .debug_info    0x00000000000022d4      0x558 /home/sooraj/work/ese3025_2/git_stuff/ese3025_2/lpc_chip_175x_6x/Debug/liblpc_chip_175x_6x.a(chip_17xx_40xx.o)
 .debug_info    0x000000000000282c      0xba2 /home/sooraj/work/ese3025_2/git_stuff/ese3025_2/lpc_chip_175x_6x/Debug/liblpc_chip_175x_6x.a(clock_17xx_40xx.o)
 .debug_info    0x00000000000033ce      0x31e /home/sooraj/work/ese3025_2/git_stuff/ese3025_2/lpc_chip_175x_6x/Debug/liblpc_chip_175x_6x.a(iocon_17xx_40xx.o)
 .debug_info    0x00000000000036ec      0x474 /home/sooraj/work/ese3025_2/git_stuff/ese3025_2/lpc_chip_175x_6x/Debug/liblpc_chip_175x_6x.a(sysinit_17xx_40xx.o)
 .debug_info    0x0000000000003b60      0xf15 /home/sooraj/work/ese3025_2/git_stuff/ese3025_2/lpc_chip_175x_6x/Debug/liblpc_chip_175x_6x.a(uart_17xx_40xx.o)

.debug_abbrev   0x0000000000000000     0x1280
 .debug_abbrev  0x0000000000000000      0x114 ./src/cr_startup_lpc175x_6x.o
 .debug_abbrev  0x0000000000000114       0x36 ./src/crp.o
 .debug_abbrev  0x000000000000014a       0xd8 ./src/helloproj.o
 .debug_abbrev  0x0000000000000222       0xdd ./src/sysinit.o
 .debug_abbrev  0x00000000000002ff      0x3bd /home/sooraj/work/ese3025_2/git_stuff/ese3025_2/lpc_board_nxp_lpcxpresso_1769/Debug/liblpc_board_nxp_lpcxpresso_1769.a(board.o)
 .debug_abbrev  0x00000000000006bc      0x180 /home/sooraj/work/ese3025_2/git_stuff/ese3025_2/lpc_board_nxp_lpcxpresso_1769/Debug/liblpc_board_nxp_lpcxpresso_1769.a(board_sysinit.o)
 .debug_abbrev  0x000000000000083c      0x151 /home/sooraj/work/ese3025_2/git_stuff/ese3025_2/lpc_chip_175x_6x/Debug/liblpc_chip_175x_6x.a(chip_17xx_40xx.o)
 .debug_abbrev  0x000000000000098d      0x309 /home/sooraj/work/ese3025_2/git_stuff/ese3025_2/lpc_chip_175x_6x/Debug/liblpc_chip_175x_6x.a(clock_17xx_40xx.o)
 .debug_abbrev  0x0000000000000c96      0x14a /home/sooraj/work/ese3025_2/git_stuff/ese3025_2/lpc_chip_175x_6x/Debug/liblpc_chip_175x_6x.a(iocon_17xx_40xx.o)
 .debug_abbrev  0x0000000000000de0      0x18e /home/sooraj/work/ese3025_2/git_stuff/ese3025_2/lpc_chip_175x_6x/Debug/liblpc_chip_175x_6x.a(sysinit_17xx_40xx.o)
 .debug_abbrev  0x0000000000000f6e      0x312 /home/sooraj/work/ese3025_2/git_stuff/ese3025_2/lpc_chip_175x_6x/Debug/liblpc_chip_175x_6x.a(uart_17xx_40xx.o)

.debug_aranges  0x0000000000000000      0x580
 .debug_aranges
                0x0000000000000000       0x80 ./src/cr_startup_lpc175x_6x.o
 .debug_aranges
                0x0000000000000080       0x18 ./src/crp.o
 .debug_aranges
                0x0000000000000098       0x20 ./src/helloproj.o
 .debug_aranges
                0x00000000000000b8       0x20 ./src/sysinit.o
 .debug_aranges
                0x00000000000000d8      0x160 /home/sooraj/work/ese3025_2/git_stuff/ese3025_2/lpc_board_nxp_lpcxpresso_1769/Debug/liblpc_board_nxp_lpcxpresso_1769.a(board.o)
 .debug_aranges
                0x0000000000000238       0x38 /home/sooraj/work/ese3025_2/git_stuff/ese3025_2/lpc_board_nxp_lpcxpresso_1769/Debug/liblpc_board_nxp_lpcxpresso_1769.a(board_sysinit.o)
 .debug_aranges
                0x0000000000000270       0x38 /home/sooraj/work/ese3025_2/git_stuff/ese3025_2/lpc_chip_175x_6x/Debug/liblpc_chip_175x_6x.a(chip_17xx_40xx.o)
 .debug_aranges
                0x00000000000002a8      0x120 /home/sooraj/work/ese3025_2/git_stuff/ese3025_2/lpc_chip_175x_6x/Debug/liblpc_chip_175x_6x.a(clock_17xx_40xx.o)
 .debug_aranges
                0x00000000000003c8       0x30 /home/sooraj/work/ese3025_2/git_stuff/ese3025_2/lpc_chip_175x_6x/Debug/liblpc_chip_175x_6x.a(iocon_17xx_40xx.o)
 .debug_aranges
                0x00000000000003f8       0x60 /home/sooraj/work/ese3025_2/git_stuff/ese3025_2/lpc_chip_175x_6x/Debug/liblpc_chip_175x_6x.a(sysinit_17xx_40xx.o)
 .debug_aranges
                0x0000000000000458      0x128 /home/sooraj/work/ese3025_2/git_stuff/ese3025_2/lpc_chip_175x_6x/Debug/liblpc_chip_175x_6x.a(uart_17xx_40xx.o)

.debug_ranges   0x0000000000000000      0x4c8
 .debug_ranges  0x0000000000000000       0x70 ./src/cr_startup_lpc175x_6x.o
 .debug_ranges  0x0000000000000070       0x10 ./src/helloproj.o
 .debug_ranges  0x0000000000000080       0x10 ./src/sysinit.o
 .debug_ranges  0x0000000000000090      0x150 /home/sooraj/work/ese3025_2/git_stuff/ese3025_2/lpc_board_nxp_lpcxpresso_1769/Debug/liblpc_board_nxp_lpcxpresso_1769.a(board.o)
 .debug_ranges  0x00000000000001e0       0x28 /home/sooraj/work/ese3025_2/git_stuff/ese3025_2/lpc_board_nxp_lpcxpresso_1769/Debug/liblpc_board_nxp_lpcxpresso_1769.a(board_sysinit.o)
 .debug_ranges  0x0000000000000208       0x28 /home/sooraj/work/ese3025_2/git_stuff/ese3025_2/lpc_chip_175x_6x/Debug/liblpc_chip_175x_6x.a(chip_17xx_40xx.o)
 .debug_ranges  0x0000000000000230      0x110 /home/sooraj/work/ese3025_2/git_stuff/ese3025_2/lpc_chip_175x_6x/Debug/liblpc_chip_175x_6x.a(clock_17xx_40xx.o)
 .debug_ranges  0x0000000000000340       0x20 /home/sooraj/work/ese3025_2/git_stuff/ese3025_2/lpc_chip_175x_6x/Debug/liblpc_chip_175x_6x.a(iocon_17xx_40xx.o)
 .debug_ranges  0x0000000000000360       0x50 /home/sooraj/work/ese3025_2/git_stuff/ese3025_2/lpc_chip_175x_6x/Debug/liblpc_chip_175x_6x.a(sysinit_17xx_40xx.o)
 .debug_ranges  0x00000000000003b0      0x118 /home/sooraj/work/ese3025_2/git_stuff/ese3025_2/lpc_chip_175x_6x/Debug/liblpc_chip_175x_6x.a(uart_17xx_40xx.o)

.debug_macro    0x0000000000000000     0x57b5
 .debug_macro   0x0000000000000000       0x1d ./src/cr_startup_lpc175x_6x.o
 .debug_macro   0x000000000000001d      0xa6c ./src/cr_startup_lpc175x_6x.o
 .debug_macro   0x0000000000000a89       0x1a ./src/crp.o
 .debug_macro   0x0000000000000aa3       0x34 ./src/crp.o
 .debug_macro   0x0000000000000ad7      0x220 ./src/helloproj.o
 .debug_macro   0x0000000000000cf7       0x10 ./src/helloproj.o
 .debug_macro   0x0000000000000d07      0x12d ./src/helloproj.o
 .debug_macro   0x0000000000000e34      0x5b2 ./src/helloproj.o
 .debug_macro   0x00000000000013e6       0x22 ./src/helloproj.o
 .debug_macro   0x0000000000001408       0x7b ./src/helloproj.o
 .debug_macro   0x0000000000001483       0x10 ./src/helloproj.o
 .debug_macro   0x0000000000001493       0x2d ./src/helloproj.o
 .debug_macro   0x00000000000014c0       0x3a ./src/helloproj.o
 .debug_macro   0x00000000000014fa       0x2d ./src/helloproj.o
 .debug_macro   0x0000000000001527      0xbb1 ./src/helloproj.o
 .debug_macro   0x00000000000020d8      0x22c ./src/helloproj.o
 .debug_macro   0x0000000000002304       0x42 ./src/helloproj.o
 .debug_macro   0x0000000000002346       0x52 ./src/helloproj.o
 .debug_macro   0x0000000000002398       0x78 ./src/helloproj.o
 .debug_macro   0x0000000000002410       0x82 ./src/helloproj.o
 .debug_macro   0x0000000000002492      0x48c ./src/helloproj.o
 .debug_macro   0x000000000000291e       0x34 ./src/helloproj.o
 .debug_macro   0x0000000000002952      0x4c5 ./src/helloproj.o
 .debug_macro   0x0000000000002e17      0x1b7 ./src/helloproj.o
 .debug_macro   0x0000000000002fce       0x10 ./src/helloproj.o
 .debug_macro   0x0000000000002fde      0x21b ./src/helloproj.o
 .debug_macro   0x00000000000031f9      0x1b9 ./src/helloproj.o
 .debug_macro   0x00000000000033b2       0x40 ./src/helloproj.o
 .debug_macro   0x00000000000033f2       0x22 ./src/helloproj.o
 .debug_macro   0x0000000000003414      0x162 ./src/helloproj.o
 .debug_macro   0x0000000000003576       0x94 ./src/helloproj.o
 .debug_macro   0x000000000000360a       0xb8 ./src/helloproj.o
 .debug_macro   0x00000000000036c2       0x4c ./src/helloproj.o
 .debug_macro   0x000000000000370e       0x16 ./src/helloproj.o
 .debug_macro   0x0000000000003724      0x328 ./src/helloproj.o
 .debug_macro   0x0000000000003a4c       0x49 ./src/helloproj.o
 .debug_macro   0x0000000000003a95       0x16 ./src/helloproj.o
 .debug_macro   0x0000000000003aab       0xca ./src/helloproj.o
 .debug_macro   0x0000000000003b75       0x18 ./src/helloproj.o
 .debug_macro   0x0000000000003b8d       0x70 ./src/helloproj.o
 .debug_macro   0x0000000000003bfd       0x9a ./src/helloproj.o
 .debug_macro   0x0000000000003c97       0x20 ./src/helloproj.o
 .debug_macro   0x0000000000003cb7       0x28 ./src/helloproj.o
 .debug_macro   0x0000000000003cdf       0x82 ./src/helloproj.o
 .debug_macro   0x0000000000003d61      0x217 ./src/sysinit.o
 .debug_macro   0x0000000000003f78      0x2ad /home/sooraj/work/ese3025_2/git_stuff/ese3025_2/lpc_board_nxp_lpcxpresso_1769/Debug/liblpc_board_nxp_lpcxpresso_1769.a(board.o)
 .debug_macro   0x0000000000004225      0xa66 /home/sooraj/work/ese3025_2/git_stuff/ese3025_2/lpc_board_nxp_lpcxpresso_1769/Debug/liblpc_board_nxp_lpcxpresso_1769.a(board.o)
 .debug_macro   0x0000000000004c8b       0x12 /home/sooraj/work/ese3025_2/git_stuff/ese3025_2/lpc_board_nxp_lpcxpresso_1769/Debug/liblpc_board_nxp_lpcxpresso_1769.a(board.o)
 .debug_macro   0x0000000000004c9d      0x217 /home/sooraj/work/ese3025_2/git_stuff/ese3025_2/lpc_board_nxp_lpcxpresso_1769/Debug/liblpc_board_nxp_lpcxpresso_1769.a(board_sysinit.o)
 .debug_macro   0x0000000000004eb4      0x1cd /home/sooraj/work/ese3025_2/git_stuff/ese3025_2/lpc_chip_175x_6x/Debug/liblpc_chip_175x_6x.a(chip_17xx_40xx.o)
 .debug_macro   0x0000000000005081      0x1cd /home/sooraj/work/ese3025_2/git_stuff/ese3025_2/lpc_chip_175x_6x/Debug/liblpc_chip_175x_6x.a(clock_17xx_40xx.o)
 .debug_macro   0x000000000000524e      0x1cd /home/sooraj/work/ese3025_2/git_stuff/ese3025_2/lpc_chip_175x_6x/Debug/liblpc_chip_175x_6x.a(iocon_17xx_40xx.o)
 .debug_macro   0x000000000000541b      0x1cd /home/sooraj/work/ese3025_2/git_stuff/ese3025_2/lpc_chip_175x_6x/Debug/liblpc_chip_175x_6x.a(sysinit_17xx_40xx.o)
 .debug_macro   0x00000000000055e8      0x1cd /home/sooraj/work/ese3025_2/git_stuff/ese3025_2/lpc_chip_175x_6x/Debug/liblpc_chip_175x_6x.a(uart_17xx_40xx.o)

.debug_line     0x0000000000000000     0x3876
 .debug_line    0x0000000000000000       0xd3 ./src/cr_startup_lpc175x_6x.o
 .debug_line    0x00000000000000d3       0xb5 ./src/crp.o
 .debug_line    0x0000000000000188      0x5dd ./src/helloproj.o
 .debug_line    0x0000000000000765      0x4ff ./src/sysinit.o
 .debug_line    0x0000000000000c64      0x8d5 /home/sooraj/work/ese3025_2/git_stuff/ese3025_2/lpc_board_nxp_lpcxpresso_1769/Debug/liblpc_board_nxp_lpcxpresso_1769.a(board.o)
 .debug_line    0x0000000000001539      0x53f /home/sooraj/work/ese3025_2/git_stuff/ese3025_2/lpc_board_nxp_lpcxpresso_1769/Debug/liblpc_board_nxp_lpcxpresso_1769.a(board_sysinit.o)
 .debug_line    0x0000000000001a78      0x4cb /home/sooraj/work/ese3025_2/git_stuff/ese3025_2/lpc_chip_175x_6x/Debug/liblpc_chip_175x_6x.a(chip_17xx_40xx.o)
 .debug_line    0x0000000000001f43      0x747 /home/sooraj/work/ese3025_2/git_stuff/ese3025_2/lpc_chip_175x_6x/Debug/liblpc_chip_175x_6x.a(clock_17xx_40xx.o)
 .debug_line    0x000000000000268a      0x4b7 /home/sooraj/work/ese3025_2/git_stuff/ese3025_2/lpc_chip_175x_6x/Debug/liblpc_chip_175x_6x.a(iocon_17xx_40xx.o)
 .debug_line    0x0000000000002b41      0x541 /home/sooraj/work/ese3025_2/git_stuff/ese3025_2/lpc_chip_175x_6x/Debug/liblpc_chip_175x_6x.a(sysinit_17xx_40xx.o)
 .debug_line    0x0000000000003082      0x7f4 /home/sooraj/work/ese3025_2/git_stuff/ese3025_2/lpc_chip_175x_6x/Debug/liblpc_chip_175x_6x.a(uart_17xx_40xx.o)

.debug_str      0x0000000000000000    0x13923
 .debug_str     0x0000000000000000     0x2eb9 ./src/cr_startup_lpc175x_6x.o
                                       0x2ecc (size before relaxing)
 .debug_str     0x0000000000002eb9       0xe9 ./src/crp.o
                                       0x2dd9 (size before relaxing)
 .debug_str     0x0000000000002fa2     0xe91b ./src/helloproj.o
                                      0x116dc (size before relaxing)
 .debug_str     0x00000000000118bd       0x1b ./src/sysinit.o
                                      0x112ae (size before relaxing)
 .debug_str     0x00000000000118d8     0x1010 /home/sooraj/work/ese3025_2/git_stuff/ese3025_2/lpc_board_nxp_lpcxpresso_1769/Debug/liblpc_board_nxp_lpcxpresso_1769.a(board.o)
                                      0x121f4 (size before relaxing)
 .debug_str     0x00000000000128e8      0x22d /home/sooraj/work/ese3025_2/git_stuff/ese3025_2/lpc_board_nxp_lpcxpresso_1769/Debug/liblpc_board_nxp_lpcxpresso_1769.a(board_sysinit.o)
                                      0x116b0 (size before relaxing)
 .debug_str     0x0000000000012b15       0xba /home/sooraj/work/ese3025_2/git_stuff/ese3025_2/lpc_chip_175x_6x/Debug/liblpc_chip_175x_6x.a(chip_17xx_40xx.o)
                                      0x11300 (size before relaxing)
 .debug_str     0x0000000000012bcf      0x857 /home/sooraj/work/ese3025_2/git_stuff/ese3025_2/lpc_chip_175x_6x/Debug/liblpc_chip_175x_6x.a(clock_17xx_40xx.o)
                                      0x1197e (size before relaxing)
 .debug_str     0x0000000000013426       0x79 /home/sooraj/work/ese3025_2/git_stuff/ese3025_2/lpc_chip_175x_6x/Debug/liblpc_chip_175x_6x.a(iocon_17xx_40xx.o)
                                      0x10dfb (size before relaxing)
 .debug_str     0x000000000001349f       0xc4 /home/sooraj/work/ese3025_2/git_stuff/ese3025_2/lpc_chip_175x_6x/Debug/liblpc_chip_175x_6x.a(sysinit_17xx_40xx.o)
                                      0x10fe3 (size before relaxing)
 .debug_str     0x0000000000013563      0x3c0 /home/sooraj/work/ese3025_2/git_stuff/ese3025_2/lpc_chip_175x_6x/Debug/liblpc_chip_175x_6x.a(uart_17xx_40xx.o)
                                      0x11853 (size before relaxing)

.comment        0x0000000000000000       0x7f
 .comment       0x0000000000000000       0x7f ./src/cr_startup_lpc175x_6x.o
                                         0x80 (size before relaxing)
 .comment       0x000000000000007f       0x80 ./src/crp.o
 .comment       0x000000000000007f       0x80 ./src/helloproj.o
 .comment       0x000000000000007f       0x80 ./src/sysinit.o
 .comment       0x000000000000007f       0x80 /home/sooraj/work/ese3025_2/git_stuff/ese3025_2/lpc_board_nxp_lpcxpresso_1769/Debug/liblpc_board_nxp_lpcxpresso_1769.a(board.o)
 .comment       0x000000000000007f       0x80 /home/sooraj/work/ese3025_2/git_stuff/ese3025_2/lpc_board_nxp_lpcxpresso_1769/Debug/liblpc_board_nxp_lpcxpresso_1769.a(board_sysinit.o)
 .comment       0x000000000000007f       0x80 /home/sooraj/work/ese3025_2/git_stuff/ese3025_2/lpc_chip_175x_6x/Debug/liblpc_chip_175x_6x.a(chip_17xx_40xx.o)
 .comment       0x000000000000007f       0x80 /home/sooraj/work/ese3025_2/git_stuff/ese3025_2/lpc_chip_175x_6x/Debug/liblpc_chip_175x_6x.a(clock_17xx_40xx.o)
 .comment       0x000000000000007f       0x80 /home/sooraj/work/ese3025_2/git_stuff/ese3025_2/lpc_chip_175x_6x/Debug/liblpc_chip_175x_6x.a(iocon_17xx_40xx.o)
 .comment       0x000000000000007f       0x80 /home/sooraj/work/ese3025_2/git_stuff/ese3025_2/lpc_chip_175x_6x/Debug/liblpc_chip_175x_6x.a(sysinit_17xx_40xx.o)
 .comment       0x000000000000007f       0x80 /home/sooraj/work/ese3025_2/git_stuff/ese3025_2/lpc_chip_175x_6x/Debug/liblpc_chip_175x_6x.a(uart_17xx_40xx.o)
 .comment       0x000000000000007f       0x80 /usr/local/mcuxpressoide-10.3.0_2200/ide/plugins/com.nxp.mcuxpresso.tools.linux_10.3.0.201811011841/tools/bin/../lib/gcc/arm-none-eabi/7.3.1/../../../../arm-none-eabi/lib/thumb/v7-m/libcr_c.a(__weak__main.o)
 .comment       0x000000000000007f       0x80 /usr/local/mcuxpressoide-10.3.0_2200/ide/plugins/com.nxp.mcuxpresso.tools.linux_10.3.0.201811011841/tools/bin/../lib/gcc/arm-none-eabi/7.3.1/thumb/v7-m/libcr_eabihelpers.a(double.o)

.ARM.attributes
                0x0000000000000000       0x31
 .ARM.attributes
                0x0000000000000000       0x33 ./src/cr_startup_lpc175x_6x.o
 .ARM.attributes
                0x0000000000000033       0x33 ./src/crp.o
 .ARM.attributes
                0x0000000000000066       0x33 ./src/helloproj.o
 .ARM.attributes
                0x0000000000000099       0x33 ./src/sysinit.o
 .ARM.attributes
                0x00000000000000cc       0x33 /home/sooraj/work/ese3025_2/git_stuff/ese3025_2/lpc_board_nxp_lpcxpresso_1769/Debug/liblpc_board_nxp_lpcxpresso_1769.a(board.o)
 .ARM.attributes
                0x00000000000000ff       0x33 /home/sooraj/work/ese3025_2/git_stuff/ese3025_2/lpc_board_nxp_lpcxpresso_1769/Debug/liblpc_board_nxp_lpcxpresso_1769.a(board_sysinit.o)
 .ARM.attributes
                0x0000000000000132       0x33 /home/sooraj/work/ese3025_2/git_stuff/ese3025_2/lpc_chip_175x_6x/Debug/liblpc_chip_175x_6x.a(chip_17xx_40xx.o)
 .ARM.attributes
                0x0000000000000165       0x33 /home/sooraj/work/ese3025_2/git_stuff/ese3025_2/lpc_chip_175x_6x/Debug/liblpc_chip_175x_6x.a(clock_17xx_40xx.o)
 .ARM.attributes
                0x0000000000000198       0x33 /home/sooraj/work/ese3025_2/git_stuff/ese3025_2/lpc_chip_175x_6x/Debug/liblpc_chip_175x_6x.a(iocon_17xx_40xx.o)
 .ARM.attributes
                0x00000000000001cb       0x33 /home/sooraj/work/ese3025_2/git_stuff/ese3025_2/lpc_chip_175x_6x/Debug/liblpc_chip_175x_6x.a(sysinit_17xx_40xx.o)
 .ARM.attributes
                0x00000000000001fe       0x33 /home/sooraj/work/ese3025_2/git_stuff/ese3025_2/lpc_chip_175x_6x/Debug/liblpc_chip_175x_6x.a(uart_17xx_40xx.o)
 .ARM.attributes
                0x0000000000000231       0x33 /usr/local/mcuxpressoide-10.3.0_2200/ide/plugins/com.nxp.mcuxpresso.tools.linux_10.3.0.201811011841/tools/bin/../lib/gcc/arm-none-eabi/7.3.1/../../../../arm-none-eabi/lib/thumb/v7-m/libcr_c.a(__weak__main.o)
 .ARM.attributes
                0x0000000000000264       0x33 /usr/local/mcuxpressoide-10.3.0_2200/ide/plugins/com.nxp.mcuxpresso.tools.linux_10.3.0.201811011841/tools/bin/../lib/gcc/arm-none-eabi/7.3.1/thumb/v7-m/libcr_eabihelpers.a(double.o)

.debug_frame    0x0000000000000000     0x1424
 .debug_frame   0x0000000000000000      0x170 ./src/cr_startup_lpc175x_6x.o
 .debug_frame   0x0000000000000170       0x2c ./src/helloproj.o
 .debug_frame   0x000000000000019c       0x34 ./src/sysinit.o
 .debug_frame   0x00000000000001d0      0x5d4 /home/sooraj/work/ese3025_2/git_stuff/ese3025_2/lpc_board_nxp_lpcxpresso_1769/Debug/liblpc_board_nxp_lpcxpresso_1769.a(board.o)
 .debug_frame   0x00000000000007a4       0x8c /home/sooraj/work/ese3025_2/git_stuff/ese3025_2/lpc_board_nxp_lpcxpresso_1769/Debug/liblpc_board_nxp_lpcxpresso_1769.a(board_sysinit.o)
 .debug_frame   0x0000000000000830       0x88 /home/sooraj/work/ese3025_2/git_stuff/ese3025_2/lpc_chip_175x_6x/Debug/liblpc_chip_175x_6x.a(chip_17xx_40xx.o)
 .debug_frame   0x00000000000008b8      0x490 /home/sooraj/work/ese3025_2/git_stuff/ese3025_2/lpc_chip_175x_6x/Debug/liblpc_chip_175x_6x.a(clock_17xx_40xx.o)
 .debug_frame   0x0000000000000d48       0x80 /home/sooraj/work/ese3025_2/git_stuff/ese3025_2/lpc_chip_175x_6x/Debug/liblpc_chip_175x_6x.a(iocon_17xx_40xx.o)
 .debug_frame   0x0000000000000dc8      0x12c /home/sooraj/work/ese3025_2/git_stuff/ese3025_2/lpc_chip_175x_6x/Debug/liblpc_chip_175x_6x.a(sysinit_17xx_40xx.o)
 .debug_frame   0x0000000000000ef4      0x530 /home/sooraj/work/ese3025_2/git_stuff/ese3025_2/lpc_chip_175x_6x/Debug/liblpc_chip_175x_6x.a(uart_17xx_40xx.o)
